------------------------------------------------------------
Timing Analyzer Summary
------------------------------------------------------------

Type  : Slow 1200mV 85C Model Setup 'CLOCK_50'
Slack : -6.345
TNS   : -221.845

Type  : Slow 1200mV 85C Model Setup 'VGA_SYNC:videoSync|pixel_clock_int'
Slack : -4.797
TNS   : -97.549

Type  : Slow 1200mV 85C Model Hold 'VGA_SYNC:videoSync|pixel_clock_int'
Slack : 0.387
TNS   : 0.000

Type  : Slow 1200mV 85C Model Hold 'CLOCK_50'
Slack : 0.388
TNS   : 0.000

Type  : Slow 1200mV 85C Model Minimum Pulse Width 'CLOCK_50'
Slack : -3.000
TNS   : -72.390

Type  : Slow 1200mV 85C Model Minimum Pulse Width 'VGA_SYNC:videoSync|pixel_clock_int'
Slack : -2.693
TNS   : -60.518

Type  : Slow 1200mV 0C Model Setup 'CLOCK_50'
Slack : -5.681
TNS   : -196.159

Type  : Slow 1200mV 0C Model Setup 'VGA_SYNC:videoSync|pixel_clock_int'
Slack : -4.340
TNS   : -84.485

Type  : Slow 1200mV 0C Model Hold 'VGA_SYNC:videoSync|pixel_clock_int'
Slack : 0.340
TNS   : 0.000

Type  : Slow 1200mV 0C Model Hold 'CLOCK_50'
Slack : 0.341
TNS   : 0.000

Type  : Slow 1200mV 0C Model Minimum Pulse Width 'CLOCK_50'
Slack : -3.000
TNS   : -72.390

Type  : Slow 1200mV 0C Model Minimum Pulse Width 'VGA_SYNC:videoSync|pixel_clock_int'
Slack : -2.649
TNS   : -60.474

Type  : Fast 1200mV 0C Model Setup 'CLOCK_50'
Slack : -2.553
TNS   : -80.975

Type  : Fast 1200mV 0C Model Setup 'VGA_SYNC:videoSync|pixel_clock_int'
Slack : -1.906
TNS   : -24.666

Type  : Fast 1200mV 0C Model Hold 'CLOCK_50'
Slack : 0.176
TNS   : 0.000

Type  : Fast 1200mV 0C Model Hold 'VGA_SYNC:videoSync|pixel_clock_int'
Slack : 0.176
TNS   : 0.000

Type  : Fast 1200mV 0C Model Minimum Pulse Width 'CLOCK_50'
Slack : -3.000
TNS   : -60.663

Type  : Fast 1200mV 0C Model Minimum Pulse Width 'VGA_SYNC:videoSync|pixel_clock_int'
Slack : -1.000
TNS   : -46.000

------------------------------------------------------------
